# my-org

- **ID**: org-1
- **Email**: admin@example.com
- **Created**: 2023-06-01 00:00

## Contents

- [Projects](projects/index.md): 1 project
- [Teams](teams/index.md): 1 team
- [Variable sets](variable-sets/index.md): 1 variable set
- [Policy sets](policy-sets/index.md): 1 policy set

## Also archived

Categories the backup holds beyond the pages of this site.

| Category | Count |
| --- | --- |
| Users | 1 |
| Agent pools | 1 |
| Memberships | 2 |
| Run tasks | 1 |
